// Vitest Snapshot v1, https://vitest.dev/guide/snapshot.html

exports[`getSoraKuvausByFormValues returns correct sora-kuvaus given form values 1`] = `
{
  "externalId": "ext1",
  "kielivalinta": [
    "fi",
    "sv",
  ],
  "koulutustyyppi": "amm",
  "metadata": {
    "koulutusKoodiUrit": [
      "koulutus_754101#7",
    ],
    "koulutusalaKoodiUri": "kansallinenkoulutusluokitus2016koulutusalataso2_073#1",
    "kuvaus": {
      "fi": "<p><strong>Kuvaus fi</strong></p>",
      "sv": "<p><em>Kuvaus sv</em></p>",
    },
  },
  "muokkaaja": "1.1.1.1",
  "nimi": {
    "fi": "Fi nimi",
    "sv": "Sv nimi",
  },
  "organisaatioOid": undefined,
  "tila": "tallennettu",
}
`;
