// Jest Snapshot v1, https://goo.gl/fbAQLP

exports[`getFormValuesByToteutus returns correct form values given toteutus 1`] = `
Object {
  "alemmanKorkeakoulututkinnonOsaamisalat": Array [
    Object {
      "kuvaus": Object {
        "fi": "<p>Fi alempikuvaus</p>",
        "sv": "<p>Sv alempikuvaus</p>",
      },
      "linkki": Object {
        "fi": "Fi alempilinkki",
        "sv": "Sv alempilinkki",
      },
      "nimi": Object {
        "fi": "Fi alempinimi",
        "sv": "Sv alempinimi",
      },
      "otsikko": Object {
        "fi": "Fi alempiotsikko",
        "sv": "Sv alempiotsikko",
      },
    },
  ],
  "esikatselu": false,
  "hakeutumisTaiIlmoittautumistapa": Object {
    "hakeutumisTaiIlmoittautumistapa": undefined,
    "hakuTapa": undefined,
    "hakuaikaAlkaa": undefined,
    "hakuaikaPaattyy": undefined,
    "linkki": undefined,
    "lisatiedot": Object {},
    "lisatiedotValintaperusteista": Object {},
  },
  "jarjestamistiedot": Object {
    "A1A2Kielet": Array [
      Object {
        "value": "kieli_1#1",
      },
    ],
    "B1Kielet": Array [
      Object {
        "value": "kieli_3#1",
      },
    ],
    "B2Kielet": Array [
      Object {
        "value": "kieli_2#1",
      },
    ],
    "B3Kielet": Array [
      Object {
        "value": "kieli_4#1",
      },
    ],
    "aidinkielet": Array [
      Object {
        "value": "kieli_5#1",
      },
    ],
    "ajankohta": Object {
      "ajankohtaTyyppi": "tarkka alkamisajankohta",
      "henkilokohtaisenSuunnitelmanLisatiedot": Object {},
      "kausi": "kausi_k#1",
      "tarkkaAlkaa": "2021-04-16T00:00",
      "tarkkaPaattyy": "2021-12-12T00:00",
      "vuosi": Object {
        "value": 2020,
      },
    },
    "apurahaKuvaus": Object {
      "fi": "<p>Fi apurahakuvaus</p>",
      "sv": "<p>Sv apurahakuvaus</p>",
    },
    "apurahaMaaraTyyppi": Object {
      "value": "range",
    },
    "apurahaMax": 200,
    "apurahaMin": 100,
    "apurahaTyyppi": "apuraha",
    "apurahaYksikko": Object {
      "value": "euroa",
    },
    "diplomiKuvaus": Object {
      "fi": "<p>Fi diplomi</p>",
      "sv": "<p>Sv diplomi</p>",
    },
    "diplomiTyypit": Array [
      Object {
        "value": "dipmlomi_1#1",
      },
    ],
    "maksullisuus": Object {
      "maksu": "",
      "tyyppi": "kylla",
    },
    "maksullisuusKuvaus": Object {
      "fi": "<p>Fi maksullisuuskuvaus</p>",
      "sv": "<p>Sv maksullisuuskuvaus</p>",
    },
    "maksumaara": Object {},
    "muutKielet": Array [
      Object {
        "value": "kieli_6#1",
      },
    ],
    "opetusaika": Array [
      "opetusaika_1#1",
    ],
    "opetusaikaKuvaus": Object {
      "fi": "<p>Fi aikakuvaus</p>",
      "sv": "<p>Sv aikakuvaus</p>",
    },
    "opetuskieli": Array [
      "opetuskieli_1#1",
      "opetuskieli_2#1",
    ],
    "opetuskieliKuvaus": Object {
      "fi": "<p>Fi kielikuvaus</p>",
      "sv": "<p>Sv kielikuvaus</p>",
    },
    "opetustapa": Array [
      "opetustapa_1#1",
      "opetustapa_2#1",
    ],
    "opetustapaKuvaus": Object {
      "fi": "<p>Fi tapakuvaus</p>",
      "sv": "<p>Sv tapakuvaus</p>",
    },
    "osioKuvaukset": Object {
      "osio_1#1": Object {
        "fi": "<p>Fi kuvaus1</p>",
        "sv": "<p>Sv kuvaus1</p>",
      },
      "osio_2#1": Object {
        "fi": "<p>Fi kuvaus2</p>",
        "sv": "<p>Sv kuvaus2</p>",
      },
    },
    "osiot": Array [
      Object {
        "value": "osio_1#1",
      },
      Object {
        "value": "osio_2#1",
      },
    ],
    "suunniteltuKesto": Object {
      "kuukautta": 6,
      "vuotta": 2,
    },
    "suunniteltuKestoKuvaus": Object {
      "fi": "<p>Fi suunniteltuKestoKuvaus</p>",
      "sv": "<p>Sv suunniteltuKestoKuvaus</p>",
    },
  },
  "kieliversiot": Array [
    "fi",
    "sv",
  ],
  "koulutustyyppi": undefined,
  "kuvaus": Object {
    "fi": "<p>Fi toteutuksenkuvaus</p>",
    "sv": "<p>Sv toteutuksenkuvaus</p>",
  },
  "lukiolinjat": Object {
    "lukiolinja": Object {
      "value": "linja_1#1",
    },
  },
  "nayttamistiedot": Object {
    "ammattinimikkeet": Object {
      "fi": Array [
        Object {
          "label": "nimike1",
          "value": "nimike1",
        },
      ],
      "sv": Array [
        Object {
          "label": "nimike2",
          "value": "nimike2",
        },
      ],
    },
    "avainsanat": Object {
      "fi": Array [
        Object {
          "label": "avainsana1",
          "value": "avainsana1",
        },
      ],
      "sv": Array [
        Object {
          "label": "avainsana2",
          "value": "avainsana2",
        },
      ],
    },
  },
  "osaamisalat": Object {
    "osaamisalaLinkit": Object {
      "osaamisala1": Object {
        "fi": "Fi linkki1",
        "sv": "Sv linkki1",
      },
      "osaamisala2": Object {
        "fi": "Fi linkki2",
        "sv": "Sv linkki2",
      },
    },
    "osaamisalaLinkkiOtsikot": Object {
      "osaamisala1": Object {
        "fi": "Fi otsikko1",
        "sv": "Sv otsikko1",
      },
      "osaamisala2": Object {
        "fi": "Fi otsikko2",
        "sv": "Sv otsikko2",
      },
    },
    "osaamisalat": Array [
      "osaamisala1",
      "osaamisala2",
    ],
  },
  "soraKuvaus": undefined,
  "tarjoajat": Array [
    "org1",
    "org2",
  ],
  "teemakuva": undefined,
  "tiedot": Object {
    "aloituspaikat": "251",
    "ammatillinenPerustutkintoErityisopetuksena": true,
    "ilmoittautumislinkki": Object {
      "fi": "Fi linkki",
      "sv": "Sv linkki",
    },
    "laajuus": "25",
    "laajuusyksikko": Object {
      "value": "laajuus_1#1",
    },
    "nimi": Object {
      "fi": "Fi nimi",
      "sv": "Sv nimi",
    },
  },
  "tila": "tallennettu",
  "toteutusjaksot": Array [
    Object {
      "ilmoittautumislinkki": Object {
        "fi": "Fi linkki",
        "sv": "Sv linkki",
      },
      "koodi": "koodi 123",
      "kuvaus": Object {
        "fi": "<p>Fi kuvaus</p>",
        "sv": "<p>Sv kuvaus</p>",
      },
      "laajuus": Object {
        "fi": "Fi laajuus",
        "sv": "Sv laajuus",
      },
      "nimi": Object {
        "fi": "Fi nimi",
        "sv": "Sv nimi",
      },
      "sisalto": Array [
        Object {
          "data": Object {
            "fi": "<h2>Fi sisalto</h2>",
            "sv": "<h2>Sv sisalto</h2>",
          },
          "tyyppi": "teksti",
        },
        Object {
          "data": Object {
            "rows": Array [
              Object {
                "columns": Array [
                  Object {
                    "index": 0,
                    "text": Object {
                      "fi": "Fi column1",
                      "sv": "Sv column1",
                    },
                  },
                  Object {
                    "index": 1,
                    "text": Object {
                      "fi": "Fi column2",
                      "sv": "Sv column2",
                    },
                  },
                ],
                "index": 0,
              },
              Object {
                "columns": Array [
                  Object {
                    "index": 0,
                    "text": Object {
                      "fi": "Fi column3",
                      "sv": "Sv column3",
                    },
                  },
                  Object {
                    "index": 1,
                    "text": Object {
                      "fi": "Fi column4",
                      "sv": "Sv column4",
                    },
                  },
                ],
                "index": 1,
              },
            ],
          },
          "tyyppi": "taulukko",
        },
      ],
    },
  ],
  "yhteyshenkilot": Array [
    Object {
      "nimi": Object {
        "fi": "Fi nimi",
        "sv": "Sv nimi",
      },
      "puhelinnumero": Object {
        "fi": "Fi puhelinnumero",
        "sv": "Sv puhelinnumero",
      },
      "sahkoposti": Object {
        "fi": "Fi sähköposti",
        "sv": "Sv sähköposti",
      },
      "titteli": Object {
        "fi": "Fi titteli",
        "sv": "Sv titteli",
      },
      "verkkosivu": Object {
        "fi": "Fi verkkosivu",
        "sv": "Sv verkkosivu",
      },
    },
  ],
  "ylemmanKorkeakoulututkinnonOsaamisalat": Array [
    Object {
      "kuvaus": Object {
        "fi": "<p>Fi ylempikuvaus</p>",
        "sv": "<p>Sv ylempikuvaus</p>",
      },
      "linkki": Object {
        "fi": "Fi ylempilinkki",
        "sv": "Sv ylempilinkki",
      },
      "nimi": Object {
        "fi": "Fi ylempinimi",
        "sv": "Sv ylempinimi",
      },
      "otsikko": Object {
        "fi": "Fi ylempiotsikko",
        "sv": "Sv ylempiotsikko",
      },
    },
  ],
}
`;
