// Jest Snapshot v1, https://goo.gl/fbAQLP

exports[`renders correctly 1`] = `
.c0 {
  margin-left: 8px;
  margin-right: 16px;
  margin-bottom: 24px;
  margin-top: 32px;
}

<div
  class="c0"
>
  With margins
</div>
`;
