exports[`editHakuForm > should be able to edit haku #0`] =
{
  "ajastettuJulkaisu": "2019-12-05T06:45",
  "alkamiskausiKoodiUri": "kausi_0#1",
  "alkamisvuosi": 2024,
  "hakuajat": [
    {
      "alkaa": "2019-02-08T07:05",
      "paattyy": "2020-02-08T07:05"
    }
  ],
  "hakukohteenLiittamisenTakaraja": "2019-02-08T07:05",
  "hakukohteenMuokkaamisenTakaraja": "2019-02-08T07:05",
  "hakulomakeAtaruId": "12345",
  "hakulomakeKuvaus": {},
  "hakulomakeLinkki": {},
  "hakulomaketyyppi": "ataru",
  "hakutapaKoodiUri": "hakutapa_0#1",
  "kielivalinta": [
    "fi"
  ],
  "kohdejoukkoKoodiUri": "haunkohdejoukko_0#1",
  "kohdejoukonTarkenneKoodiUri": null,
  "metadata": {
    "tulevaisuudenAikataulu": [
      {
        "alkaa": "2019-10-11T09:05",
        "paattyy": "2019-12-25T20:30"
      }
    ],
    "yhteyshenkilot": [
      {
        "nimi": {
          "fi": "nimi"
        },
        "puhelinnumero": {
          "fi": "puhelin"
        },
        "sahkoposti": {
          "fi": "s√§hkoposti"
        },
        "titteli": {
          "fi": "titteli"
        },
        "wwwSivu": {
          "fi": "verkkosivu"
        }
      }
    ]
  },
  "muokkaaja": "1.2.246.562.24.62301161440",
  "nimi": {
    "fi": "Haku"
  },
  "oid": "2.1.1.1.1.1",
  "organisaatioOid": "1.1.1.1.1.1",
  "tila": "tallennettu"
};
