// Jest Snapshot v1, https://goo.gl/fbAQLP

exports[`renders correctly 1`] = `
.c0 {
  font-family: 'Roboto',sans-serif;
  color: #666666;
  line-height: 1.5;
  margin-bottom: 0px;
  margin-top: 0px;
  font-size: 1rem;
  color: #666666;
  line-height: 1.5;
  font-family: 'Roboto',sans-serif;
}

<styled.span
  as="span"
  variant="body"
>
  <span
    className="c0"
  >
    Hello world!
  </span>
</styled.span>
`;

exports[`renders correctly with variant 1`] = `
Array [
  .c0 {
  font-family: 'Roboto',sans-serif;
  color: #666666;
  line-height: 1.5;
  margin-bottom: 0px;
  margin-top: 0px;
  font-size: 1rem;
  color: #666666;
  line-height: 1.5;
  font-family: 'Roboto',sans-serif;
}

<styled.span
    as="span"
    variant="body"
  >
    <span
      className="c0"
    >
      Body
    </span>
  </styled.span>,
  .c0 {
  font-family: 'Roboto',sans-serif;
  color: #666666;
  line-height: 1.5;
  margin-bottom: 0px;
  margin-top: 0px;
  color: #2a2a2a;
  font-family: 'Roboto',sans-serif;
  font-size: 3rem;
  font-weight: 500;
  line-height: 1.2;
}

<styled.span
    as="h1"
    variant="h1"
  >
    <h1
      className="c0"
    >
      Heading 1
    </h1>
  </styled.span>,
  .c0 {
  font-family: 'Roboto',sans-serif;
  color: #666666;
  line-height: 1.5;
  margin-bottom: 0px;
  margin-top: 0px;
  color: #2a2a2a;
  font-family: 'Roboto',sans-serif;
  font-size: 2.5rem;
  font-weight: 500;
  line-height: 1.2;
}

<styled.span
    as="h2"
    variant="h2"
  >
    <h2
      className="c0"
    >
      Heading 2
    </h2>
  </styled.span>,
  .c0 {
  font-family: 'Roboto',sans-serif;
  color: #666666;
  line-height: 1.5;
  margin-bottom: 0px;
  margin-top: 0px;
  color: #2a2a2a;
  font-family: 'Roboto',sans-serif;
  font-size: 2rem;
  font-weight: 500;
  line-height: 1.2;
}

<styled.span
    as="h3"
    variant="h3"
  >
    <h3
      className="c0"
    >
      Heading 3
    </h3>
  </styled.span>,
  .c0 {
  font-family: 'Roboto',sans-serif;
  color: #666666;
  line-height: 1.5;
  margin-bottom: 0px;
  margin-top: 0px;
  color: #2a2a2a;
  font-family: 'Roboto',sans-serif;
  font-size: 1.5rem;
  font-weight: 500;
  line-height: 1.2;
}

<styled.span
    as="h4"
    variant="h4"
  >
    <h4
      className="c0"
    >
      Heading 4
    </h4>
  </styled.span>,
  .c0 {
  font-family: 'Roboto',sans-serif;
  color: #666666;
  line-height: 1.5;
  margin-bottom: 0px;
  margin-top: 0px;
  color: #2a2a2a;
  font-family: 'Roboto',sans-serif;
  font-size: 1.25rem;
  font-weight: 500;
  line-height: 1.2;
}

<styled.span
    as="h5"
    variant="h5"
  >
    <h5
      className="c0"
    >
      Heading 5
    </h5>
  </styled.span>,
  .c0 {
  font-family: 'Roboto',sans-serif;
  color: #666666;
  line-height: 1.5;
  margin-bottom: 0px;
  margin-top: 0px;
  color: #2a2a2a;
  font-family: 'Roboto',sans-serif;
  font-size: 1rem;
  font-weight: 500;
  line-height: 1.2;
}

<styled.span
    as="h6"
    variant="h6"
  >
    <h6
      className="c0"
    >
      Heading 6
    </h6>
  </styled.span>,
]
`;
