// Jest Snapshot v1, https://goo.gl/fbAQLP

exports[`renders correctly 1`] = `
Array [
  .c2 {
  position: relative;
  -webkit-flex: 0;
  -ms-flex: 0;
  flex: 0;
  line-height: 0;
  top: 0.15em;
}

.c8 {
  background-color: white;
  border-radius: 50%;
  width: 0.4em;
  height: 0.4em;
}

.c4 {
  border: 0;
  -webkit-clip: rect(0 0 0 0);
  clip: rect(0 0 0 0);
  height: 1px;
  margin: -1px;
  overflow: hidden;
  padding: 0;
  position: absolute;
  white-space: nowrap;
  width: 1px;
}

.c6 {
  position: relative;
  display: inline-block;
  position: relative;
  width: 1em;
  height: 1em;
  background-color: white;
  border: 1px solid #ced4da;
  box-shadow: 0 0 0 0 transparent;
  border-radius: 50%;
  -webkit-transition: box-shadow 0.25s,border-color 0.25s,background-color 0.25s;
  transition: box-shadow 0.25s,border-color 0.25s,background-color 0.25s;
  display: -webkit-box;
  display: -webkit-flex;
  display: -ms-flexbox;
  display: flex;
  -webkit-box-pack: center;
  -webkit-justify-content: center;
  -ms-flex-pack: center;
  justify-content: center;
  -webkit-align-items: center;
  -webkit-box-align: center;
  -ms-flex-align: center;
  align-items: center;
}

.c6:hover,
.c3:focus + .c6 {
  border-color: #159ecb;
}

.c3:focus + .c6 {
  box-shadow: 0 0 0 3px rgba(21,158,203,0.3);
}

.c6 .c7 {
  visibility: hidden;
}

.c10:hover,
.c3:focus + .c10 {
  border-color: #159ecb;
}

.c3:focus + .c10 {
  box-shadow: 0 0 0 3px rgba(21,158,203,0.3);
}

.c10 .c7 {
  visibility: visible;
}

.c1 {
  cursor: pointer;
  font-family: 'Roboto',sans-serif;
  font-size: 1rem;
  display: -webkit-inline-box;
  display: -webkit-inline-flex;
  display: -ms-inline-flexbox;
  display: inline-flex;
  line-height: 1.5;
  color: #666666;
  -webkit-align-items: flex-start;
  -webkit-box-align: flex-start;
  -ms-flex-align: flex-start;
  align-items: flex-start;
}

.c1:hover .c5 {
  border-color: #159ecb;
}

.c9 {
  -webkit-flex: 1;
  -ms-flex: 1;
  flex: 1;
  margin-left: 9px;
}

.c0 {
  margin-bottom: 4px;
}

<div
    className="c0"
  >
    <label
      className="c1"
      disabled={false}
    >
      <div
        className="c2"
      >
        <input
          checked={false}
          className="c3 c4"
          disabled={false}
          onChange={[Function]}
          type="radio"
          value="a"
        />
        <div
          checked={false}
          className="c5 c6"
        >
          <svg
            className="c7 c8"
          />
        </div>
      </div>
      <div
        className="c9"
      >
        Radio A
      </div>
    </label>
  </div>,
  .c2 {
  position: relative;
  -webkit-flex: 0;
  -ms-flex: 0;
  flex: 0;
  line-height: 0;
  top: 0.15em;
}

.c8 {
  background-color: white;
  border-radius: 50%;
  width: 0.4em;
  height: 0.4em;
}

.c4 {
  border: 0;
  -webkit-clip: rect(0 0 0 0);
  clip: rect(0 0 0 0);
  height: 1px;
  margin: -1px;
  overflow: hidden;
  padding: 0;
  position: absolute;
  white-space: nowrap;
  width: 1px;
}

.c10:hover,
.c3:focus + .c10 {
  border-color: #159ecb;
}

.c3:focus + .c10 {
  box-shadow: 0 0 0 3px rgba(21,158,203,0.3);
}

.c10 .c7 {
  visibility: hidden;
}

.c6 {
  position: relative;
  display: inline-block;
  position: relative;
  width: 1em;
  height: 1em;
  background-color: white;
  border: 1px solid #ced4da;
  box-shadow: 0 0 0 0 transparent;
  border-radius: 50%;
  -webkit-transition: box-shadow 0.25s,border-color 0.25s,background-color 0.25s;
  transition: box-shadow 0.25s,border-color 0.25s,background-color 0.25s;
  display: -webkit-box;
  display: -webkit-flex;
  display: -ms-flexbox;
  display: flex;
  -webkit-box-pack: center;
  -webkit-justify-content: center;
  -ms-flex-pack: center;
  justify-content: center;
  -webkit-align-items: center;
  -webkit-box-align: center;
  -ms-flex-align: center;
  align-items: center;
  background-color: #159ecb;
  border-color: #159ecb;
}

.c6:hover,
.c3:focus + .c6 {
  border-color: #159ecb;
}

.c3:focus + .c6 {
  box-shadow: 0 0 0 3px rgba(21,158,203,0.3);
}

.c6 .c7 {
  visibility: visible;
}

.c1 {
  cursor: pointer;
  font-family: 'Roboto',sans-serif;
  font-size: 1rem;
  display: -webkit-inline-box;
  display: -webkit-inline-flex;
  display: -ms-inline-flexbox;
  display: inline-flex;
  line-height: 1.5;
  color: #666666;
  -webkit-align-items: flex-start;
  -webkit-box-align: flex-start;
  -ms-flex-align: flex-start;
  align-items: flex-start;
}

.c1:hover .c5 {
  border-color: #159ecb;
}

.c9 {
  -webkit-flex: 1;
  -ms-flex: 1;
  flex: 1;
  margin-left: 9px;
}

.c0 {
  margin-bottom: 4px;
}

<div
    className="c0"
  >
    <label
      className="c1"
      disabled={false}
    >
      <div
        className="c2"
      >
        <input
          checked={true}
          className="c3 c4"
          disabled={false}
          onChange={[Function]}
          type="radio"
          value="b"
        />
        <div
          checked={true}
          className="c5 c6"
        >
          <svg
            className="c7 c8"
          />
        </div>
      </div>
      <div
        className="c9"
      >
        Radio B
      </div>
    </label>
  </div>,
  .c1 {
  position: relative;
  -webkit-flex: 0;
  -ms-flex: 0;
  flex: 0;
  line-height: 0;
  top: 0.15em;
}

.c7 {
  background-color: white;
  border-radius: 50%;
  width: 0.4em;
  height: 0.4em;
}

.c3 {
  border: 0;
  -webkit-clip: rect(0 0 0 0);
  clip: rect(0 0 0 0);
  height: 1px;
  margin: -1px;
  overflow: hidden;
  padding: 0;
  position: absolute;
  white-space: nowrap;
  width: 1px;
}

.c5 {
  position: relative;
  display: inline-block;
  position: relative;
  width: 1em;
  height: 1em;
  background-color: white;
  border: 1px solid #ced4da;
  box-shadow: 0 0 0 0 transparent;
  border-radius: 50%;
  -webkit-transition: box-shadow 0.25s,border-color 0.25s,background-color 0.25s;
  transition: box-shadow 0.25s,border-color 0.25s,background-color 0.25s;
  display: -webkit-box;
  display: -webkit-flex;
  display: -ms-flexbox;
  display: flex;
  -webkit-box-pack: center;
  -webkit-justify-content: center;
  -ms-flex-pack: center;
  justify-content: center;
  -webkit-align-items: center;
  -webkit-box-align: center;
  -ms-flex-align: center;
  align-items: center;
}

.c5:hover,
.c2:focus + .c5 {
  border-color: #159ecb;
}

.c2:focus + .c5 {
  box-shadow: 0 0 0 3px rgba(21,158,203,0.3);
}

.c5 .c6 {
  visibility: hidden;
}

.c9:hover,
.c2:focus + .c9 {
  border-color: #159ecb;
}

.c2:focus + .c9 {
  box-shadow: 0 0 0 3px rgba(21,158,203,0.3);
}

.c9 .c6 {
  visibility: visible;
}

.c0 {
  cursor: pointer;
  font-family: 'Roboto',sans-serif;
  font-size: 1rem;
  display: -webkit-inline-box;
  display: -webkit-inline-flex;
  display: -ms-inline-flexbox;
  display: inline-flex;
  line-height: 1.5;
  color: #666666;
  -webkit-align-items: flex-start;
  -webkit-box-align: flex-start;
  -ms-flex-align: flex-start;
  align-items: flex-start;
}

.c0:hover .c4 {
  border-color: #159ecb;
}

.c8 {
  -webkit-flex: 1;
  -ms-flex: 1;
  flex: 1;
  margin-left: 9px;
}

<div
    className=""
  >
    <label
      className="c0"
      disabled={false}
    >
      <div
        className="c1"
      >
        <input
          checked={false}
          className="c2 c3"
          disabled={false}
          onChange={[Function]}
          type="radio"
          value="c"
        />
        <div
          checked={false}
          className="c4 c5"
        >
          <svg
            className="c6 c7"
          />
        </div>
      </div>
      <div
        className="c8"
      >
        Radio C
      </div>
    </label>
  </div>,
]
`;
