// Jest Snapshot v1, https://goo.gl/fbAQLP

exports[`getFormValuesByKoulutus returns correct form values given koulutus 1`] = `
Object {
  "description": Object {
    "kuvaus": Object {
      "fi": "Fi kuvaus",
      "sv": "Sv kuvaus",
    },
    "nimi": Object {
      "fi": "Fi nimi",
      "sv": "Sv nimi",
    },
  },
  "information": Object {
    "koulutus": Object {
      "value": "koulutuskoodi_1#1",
    },
    "koulutusalat": Array [
      Object {
        "value": "koulutusala_1#1",
      },
      Object {
        "value": "koulutusala_2#1",
      },
    ],
    "nimi": Object {
      "fi": "Fi nimi",
      "sv": "Sv nimi",
    },
    "opintojenLaajuus": Object {
      "value": "laajuus_1#1",
    },
    "tutkintonimike": Array [
      Object {
        "value": "nimike_1#1",
      },
      Object {
        "value": "nimike_2#1",
      },
    ],
  },
  "julkinen": true,
  "kieliversiot": Array [
    "fi",
    "sv",
  ],
  "koulutustyyppi": "yo",
  "lisatiedot": Object {
    "osioKuvaukset": Object {
      "osio_1#1": Object {},
      "osio_2#1": Object {
        "fi": "Fi kuvaus",
        "sv": "Sv kuvaus",
      },
    },
    "osiot": Array [
      Object {
        "value": "osio_1#1",
      },
      Object {
        "value": "osio_2#1",
      },
    ],
  },
  "tarjoajat": Array [
    "123.456.789",
  ],
  "teemakuva": undefined,
  "tila": "tallennettu",
}
`;
