// Jest Snapshot v1, https://goo.gl/fbAQLP

exports[`getSoraKuvausByFormValues returns correct sora-kuvaus given form values 1`] = `
Object {
  "julkinen": true,
  "kielivalinta": Array [
    "fi",
    "sv",
  ],
  "koulutustyyppi": "amm",
  "metadata": Object {
    "kuvaus": Object {
      "fi": "<p><strong>Kuvaus fi</strong></p>",
      "sv": "<p><em>Kuvaus sv</em></p>",
    },
  },
  "muokkaaja": "1.1.1.1",
  "nimi": Object {
    "fi": "Fi nimi",
    "sv": "Sv nimi",
  },
  "tila": "tallennettu",
}
`;
